###############################################################################
#
# IAR ELF Linker V7.50.2.10312/W32 for ARM                23/Sep/2019  15:22:34
# Copyright 2007-2015 IAR Systems AB.
#
#    Output file  =  C:\Users\Studente\Desktop\Lezione 1\Debug\Exe\c.out
#    Map file     =  C:\Users\Studente\Desktop\Lezione 1\Debug\List\c.map
#    Command line =  
#        "C:\Users\Studente\Desktop\Lezione 1\Debug\Obj\main.o" -o
#        "C:\Users\Studente\Desktop\Lezione 1\Debug\Exe\c.out" --redirect
#        _Printf=_PrintfFull --redirect _Scanf=_ScanfFull --map
#        "C:\Users\Studente\Desktop\Lezione 1\Debug\List\c.map" --config
#        "C:\Program Files (x86)\IAR Systems\Embedded Workbench
#        7.3\arm\config\linker\ST\stm32f303xC.icf" --semihosting --entry
#        __iar_program_start --vfe
#
###############################################################################

*******************************************************************************
*** RUNTIME MODEL ATTRIBUTES
***

CppFlavor       = *
__SystemLibrary = DLib


*******************************************************************************
*** PLACEMENT SUMMARY
***

"A1":  place at 0x08000000 { ro section .intvec };
"P1":  place in [from 0x08000000 to 0x0803ffff] { ro };
"P2":  place in [from 0x20000000 to 0x20009fff] { rw, block CSTACK, block HEAP };

  Section          Kind        Address    Size  Object
  -------          ----        -------    ----  ------
"A1":                                     0x40
  .intvec          ro code  0x08000000    0x40  vector_table_M.o [5]
                          - 0x08000040    0x40

"P1":                                    0x114
  .text            ro code  0x08000040    0x40  zero_init3.o [5]
  .text            ro code  0x08000080    0x28  data_init.o [5]
  .text            ro code  0x080000a8    0x24  main.o [1]
  .text            ro code  0x080000cc    0x22  fpinit_M.o [4]
  .iar.init_table  const    0x080000f0    0x10  - Linker created -
  .text            ro code  0x08000100     0x2  vector_table_M.o [5]
  .text            ro code  0x08000104    0x1a  cmain.o [5]
  .text            ro code  0x0800011e     0x4  low_level_init.o [3]
  .text            ro code  0x08000122     0x4  exit.o [3]
  .text            ro code  0x08000128     0xa  cexit.o [5]
  .text            ro code  0x08000134    0x14  exit.o [6]
  .text            ro code  0x08000148     0xc  cstartup_M.o [5]
  .rodata          const    0x08000154     0x0  zero_init3.o [5]
                          - 0x08000154   0x114

"P2", part 1 of 2:                         0x4
  .bss             zero     0x20000000     0x4  main.o [1]
                          - 0x20000004     0x4

"P2", part 2 of 2:                      0x2000
  CSTACK                    0x20000008  0x2000  <Block>
    CSTACK         uninit   0x20000008  0x2000  <Block tail>
                          - 0x20002008  0x2000


*******************************************************************************
*** INIT TABLE
***

          Address     Size
          -------     ----
Zero (__iar_zero_init3)
    1 destination range, total size 0x4:
          0x20000000   0x4



*******************************************************************************
*** MODULE SUMMARY
***

    Module            ro code  ro data  rw data
    ------            -------  -------  -------
C:\Users\Studente\Desktop\Lezione 1\Debug\Obj: [1]
    main.o                 36                 4
    -------------------------------------------
    Total:                 36                 4

command line: [2]
    -------------------------------------------
    Total:

dl7M_tln.a: [3]
    exit.o                  4
    low_level_init.o        4
    -------------------------------------------
    Total:                  8

m7M_tls.a: [4]
    fpinit_M.o             34
    -------------------------------------------
    Total:                 34

rt7M_tl.a: [5]
    cexit.o                10
    cmain.o                26
    cstartup_M.o           12
    data_init.o            40
    vector_table_M.o       66
    zero_init3.o           64
    -------------------------------------------
    Total:                218

shb_l.a: [6]
    exit.o                 20
    -------------------------------------------
    Total:                 20

    Gaps                    6        2
    Linker created                  16    8 192
-----------------------------------------------
    Grand Total:          322       18    8 196


*******************************************************************************
*** ENTRY LIST
***

Entry                      Address  Size  Type      Object
-----                      -------  ----  ----      ------
.iar.init_table$$Base   0x080000f0         --   Gb  - Linker created -
.iar.init_table$$Limit  0x08000100         --   Gb  - Linker created -
?main                   0x08000105        Code  Gb  cmain.o [5]
CSTACK$$Base            0x20000008         --   Gb  - Linker created -
CSTACK$$Limit           0x20002008         --   Gb  - Linker created -
Region$$Table$$Base     0x080000f0         --   Gb  - Linker created -
Region$$Table$$Limit    0x08000100         --   Gb  - Linker created -
__cmain                 0x08000105        Code  Gb  cmain.o [5]
__exit                  0x08000135  0x14  Code  Gb  exit.o [6]
__iar_data_init3        0x08000081  0x28  Code  Gb  data_init.o [5]
__iar_init_vfp          0x080000cd        Code  Gb  fpinit_M.o [4]
__iar_program_start     0x08000149        Code  Gb  cstartup_M.o [5]
__iar_zero_init3        0x08000041  0x40  Code  Gb  zero_init3.o [5]
__low_level_init        0x0800011f   0x4  Code  Gb  low_level_init.o [3]
__vector_table          0x08000000        Data  Gb  vector_table_M.o [5]
_call_main              0x08000111        Code  Gb  cmain.o [5]
_exit                   0x08000129        Code  Gb  cexit.o [5]
_main                   0x0800011b        Code  Gb  cmain.o [5]
exit                    0x08000123   0x4  Code  Gb  exit.o [3]
main                    0x080000a9  0x24  Code  Gb  main.o [1]
punt                    0x20000000   0x4  Data  Gb  main.o [1]


[1] = C:\Users\Studente\Desktop\Lezione 1\Debug\Obj
[2] = command line
[3] = dl7M_tln.a
[4] = m7M_tls.a
[5] = rt7M_tl.a
[6] = shb_l.a

    322 bytes of readonly  code memory
     18 bytes of readonly  data memory
  8 196 bytes of readwrite data memory

Errors: none
Warnings: none
