###############################################################################
#
# IAR ELF Linker V8.10.1.12857/W32 for ARM                08/Oct/2019  01:19:19
# Copyright 2007-2017 IAR Systems AB.
#
#    Output file  =  C:\Users\studente\Desktop\Lezione 3\Debug\Exe\Led.out
#    Map file     =  C:\Users\studente\Desktop\Lezione 3\Debug\List\Led.map
#    Command line =  
#        -f C:\Users\studente\AppData\Local\Temp\EW8DFA.tmp
#        ("C:\Users\studente\Desktop\Lezione 3\Debug\Obj\main.o" -o
#        "C:\Users\studente\Desktop\Lezione 3\Debug\Exe\Led.out" --map
#        "C:\Users\studente\Desktop\Lezione 3\Debug\List\Led.map" --config
#        "C:\Program Files (x86)\IAR Systems\Embedded Workbench
#        8.0\arm\config\linker\ST\stm32f303xC.icf" --semihosting --entry
#        __iar_program_start --vfe --text_out locale)
#
###############################################################################

*******************************************************************************
*** RUNTIME MODEL ATTRIBUTES
***

CppFlavor       = *
__SystemLibrary = DLib
__dlib_version  = 6


*******************************************************************************
*** HEAP SELECTION
***

The basic heap was selected because some modules are built with
size limitations (and not runtime checking), and --advanced_heap
was not specified.


*******************************************************************************
*** PLACEMENT SUMMARY
***

"A0":  place at 0x08000000 { ro section .intvec };
"P1":  place in [from 0x08000000 to 0x0803ffff] { ro };
"P2":  place in [from 0x20000000 to 0x20009fff] { rw, block CSTACK, block HEAP };

  Section          Kind        Address    Size  Object
  -------          ----        -------    ----  ------
"A0":                                     0x40
  .intvec          ro code  0x08000000    0x40  vector_table_M.o [5]
                          - 0x08000040    0x40

"P1":                                    0x170
  .text            ro code  0x08000040    0x80  main.o [1]
  .text            ro code  0x080000c0    0x40  zero_init3.o [5]
  .text            ro code  0x08000100    0x28  data_init.o [5]
  .text            ro code  0x08000128    0x22  fpinit_M.o [4]
  .iar.init_table  const    0x0800014c    0x10  - Linker created -
  .text            ro code  0x0800015c     0x2  vector_table_M.o [5]
  .text            ro code  0x08000160    0x1a  cmain.o [5]
  .text            ro code  0x0800017a     0x4  low_level_init.o [3]
  .text            ro code  0x0800017e     0x4  exit.o [3]
  .text            ro code  0x08000184     0xa  cexit.o [5]
  .text            ro code  0x08000190    0x14  exit.o [6]
  .text            ro code  0x080001a4     0xc  cstartup_M.o [5]
  .rodata          const    0x080001b0     0x0  zero_init3.o [5]
                          - 0x080001b0   0x170

"P2", part 1 of 2:                         0x4
  .bss             zero     0x20000000     0x4  main.o [1]
                          - 0x20000004     0x4

"P2", part 2 of 2:                      0x2000
  CSTACK                    0x20000008  0x2000  <Block>
    CSTACK         uninit   0x20000008  0x2000  <Block tail>
                          - 0x20002008  0x2000


*******************************************************************************
*** INIT TABLE
***

          Address     Size
          -------     ----
Zero (__iar_zero_init3)
    1 destination range, total size 0x4:
          0x20000000   0x4



*******************************************************************************
*** MODULE SUMMARY
***

    Module            ro code  ro data  rw data
    ------            -------  -------  -------
C:\Users\studente\Desktop\Lezione 3\Debug\Obj: [1]
    main.o                128                 4
    -------------------------------------------
    Total:                128                 4

command line: [2]
    -------------------------------------------
    Total:

dl7M_tln.a: [3]
    exit.o                  4
    low_level_init.o        4
    -------------------------------------------
    Total:                  8

m7M_tls.a: [4]
    fpinit_M.o             34
    -------------------------------------------
    Total:                 34

rt7M_tl.a: [5]
    cexit.o                10
    cmain.o                26
    cstartup_M.o           12
    data_init.o            40
    vector_table_M.o       66
    zero_init3.o           64
    -------------------------------------------
    Total:                218

shb_l.a: [6]
    exit.o                 20
    -------------------------------------------
    Total:                 20

    Gaps                    6        2
    Linker created                  16    8 192
-----------------------------------------------
    Grand Total:          414       18    8 196


*******************************************************************************
*** ENTRY LIST
***

Entry                      Address  Size  Type      Object
-----                      -------  ----  ----      ------
.iar.init_table$$Base   0x0800014c         --   Gb  - Linker created -
.iar.init_table$$Limit  0x0800015c         --   Gb  - Linker created -
?main                   0x08000161        Code  Gb  cmain.o [5]
CSTACK$$Base            0x20000008         --   Gb  - Linker created -
CSTACK$$Limit           0x20002008         --   Gb  - Linker created -
Region$$Table$$Base     0x0800014c         --   Gb  - Linker created -
Region$$Table$$Limit    0x0800015c         --   Gb  - Linker created -
__cmain                 0x08000161        Code  Gb  cmain.o [5]
__exit                  0x08000191  0x14  Code  Gb  exit.o [6]
__iar_data_init3        0x08000101  0x28  Code  Gb  data_init.o [5]
__iar_init_vfp          0x08000129        Code  Gb  fpinit_M.o [4]
__iar_program_start     0x080001a5        Code  Gb  cstartup_M.o [5]
__iar_systems$$module {Abs}
                        0x00000001        Data  Gb  command line/config [2]
__iar_zero_init3        0x080000c1  0x40  Code  Gb  zero_init3.o [5]
__low_level_init        0x0800017b   0x4  Code  Gb  low_level_init.o [3]
__vector_table          0x08000000        Data  Gb  vector_table_M.o [5]
_call_main              0x0800016d        Code  Gb  cmain.o [5]
_exit                   0x08000185        Code  Gb  cexit.o [5]
_main                   0x08000177        Code  Gb  cmain.o [5]
exit                    0x0800017f   0x4  Code  Gb  exit.o [3]
i                       0x20000000   0x4  Data  Gb  main.o [1]
main                    0x08000041  0x80  Code  Gb  main.o [1]


[1] = C:\Users\studente\Desktop\Lezione 3\Debug\Obj
[2] = command line
[3] = dl7M_tln.a
[4] = m7M_tls.a
[5] = rt7M_tl.a
[6] = shb_l.a

    414 bytes of readonly  code memory
     18 bytes of readonly  data memory
  8 196 bytes of readwrite data memory

Errors: none
Warnings: none
